src/components/yield-dashboard.tsx(109,47): error TS2339: Property 'message' does not exist on type 'never'.
src/components/yield-dashboard.tsx(129,49): error TS2352: Conversion of type 'BigDecimal' to type '{ value: string; } | undefined' may be a mistake because neither type sufficiently overlaps with the other. If this was intentional, convert the expression to 'unknown' first.
